error: Cannot return tuples with more than 17 elements
  --> tests/debug_handler/fail/output_tuple_too_many.rs:5:3
   |
5  |   ) -> (
   |  ___^
6  | |     axum::http::StatusCode,
7  | |     AppendHeaders<[(axum::http::HeaderName, &'static str); 1]>,
8  | |     AppendHeaders<[(axum::http::HeaderName, &'static str); 1]>,
...  |
24 | |     axum::http::StatusCode,
25 | | ) {
   | |_^
